// Jest Snapshot v1, https://goo.gl/fbAQLP

exports[`Render Breadcrambs Breadcrambs should match with snapshot 1`] = `
<nav
  className="breadcrumbs"
>
  <ul
    className="breadcrumbs__list"
  >
    <li
      className="breadcrumbs__item"
    >
      <a
        className="breadcrumbs__link"
        href="/films/1"
        onClick={[Function]}
        style={Object {}}
      >
        title
      </a>
    </li>
    <li
      className="breadcrumbs__item"
    >
      <a
        className="breadcrumbs__link"
        href="/"
        onClick={[Function]}
        style={
          Object {
            "pointerEvents": "none",
          }
        }
      >
        Add review
      </a>
    </li>
  </ul>
</nav>
`;
