// Jest Snapshot v1, https://goo.gl/fbAQLP

exports[`Render withVideo when player mode is "PREVIEW" Should match with snapshot 1`] = `
<div>
  <video
    autoPlay={false}
    className="player__video"
    poster="poster-url"
  />
</div>
`;
