// Jest Snapshot v1, https://goo.gl/fbAQLP

exports[`Render withTabs Should match with snapshot 1`] = `
<div>
  <nav
    className="movie-nav movie-card__nav"
  >
    <ul
      className="movie-nav__list"
    >
      <li
        className="movie-nav__item movie-nav__item--active"
      >
        <a
          className="movie-nav__link"
          href="#"
          onClick={[Function]}
        >
          One
        </a>
      </li>
      <li
        className="movie-nav__item "
      >
        <a
          className="movie-nav__link"
          href="#"
          onClick={[Function]}
        >
          Two
        </a>
      </li>
      <li
        className="movie-nav__item "
      >
        <a
          className="movie-nav__link"
          href="#"
          onClick={[Function]}
        >
          Three
        </a>
      </li>
    </ul>
  </nav>
  <div
    className="tab-content 1"
  />
</div>
`;
