// Jest Snapshot v1, https://goo.gl/fbAQLP

exports[`Render MovieCardPromo Should match with snapshot 1`] = `
<section
  className="movie-card"
  style={
    Object {
      "backgroundColor": "black",
    }
  }
>
  <div
    className="movie-card__bg"
  >
    <img
      alt="The Grand Budapest Hotel"
      src="img/bg-the-grand-budapest-hotel.jpg"
    />
  </div>
  <h1
    className="visually-hidden"
  >
    WTW
  </h1>
  <header
    className="page-header movie-card__head false"
  >
    <div
      className="logo"
    >
      <a
        className="logo__link false"
        href="/"
        onClick={[Function]}
        style={
          Object {
            "pointerEvents": "none",
          }
        }
      >
        <span
          className="logo__letter logo__letter--1"
        >
          W
        </span>
        <span
          className="logo__letter logo__letter--2"
        >
          T
        </span>
        <span
          className="logo__letter logo__letter--3"
        >
          W
        </span>
      </a>
    </div>
    <div
      className="user-block"
    >
      <a
        href="/myList"
        onClick={[Function]}
      >
        <div
          className="user-block__avatar"
        >
          <img
            alt="User avatar"
            height="63"
            src="/img/avatar.jpg"
            width="63"
          />
        </div>
      </a>
    </div>
  </header>
  <div
    className="movie-card__wrap"
  >
    <div
      className="movie-card__info"
    >
      <a
        href="/films/1"
        onClick={[Function]}
      >
        <div
          className="movie-card__poster"
        >
          <img
            alt="The Grand Budapest Hotel"
            height="327"
            src="img/the-grand-budapest-hotel-poster.jpg"
            width="218"
          />
        </div>
      </a>
      <div
        className="movie-card__desc"
      >
        <a
          href="/films/1"
          onClick={[Function]}
          style={
            Object {
              "color": "inherit",
              "textDecoration": "none",
            }
          }
        >
          <h2
            className="movie-card__title"
          >
            The Grand Budapest Hotel
          </h2>
        </a>
        <p
          className="movie-card__meta"
        >
          <span
            className="movie-card__genre"
          >
            Drama
          </span>
          <span
            className="movie-card__year"
          >
            2014
          </span>
        </p>
        <div
          className="movie-card__buttons"
        >
          <a
            className="btn btn--play movie-card__button"
            href="/player/1"
            onClick={[Function]}
          >
            <svg
              height="19"
              viewBox="0 0 19 19"
              width="19"
            >
              <use
                xlinkHref="#play-s"
              />
            </svg>
            <span>
              Play
            </span>
          </a>
          <button
            className="btn btn--list movie-card__button"
            onClick={[Function]}
            type="button"
          >
            <svg
              height="20"
              viewBox="0 0 19 20"
              width="19"
            >
              <use
                xlinkHref="#add"
              />
            </svg>
            <span>
              My list
            </span>
          </button>
        </div>
      </div>
    </div>
  </div>
</section>
`;
