// Jest Snapshot v1, https://goo.gl/fbAQLP

exports[`Render withFilter Should match with snapshot 1`] = `
<div
  renderFilter={[Function]}
/>
`;
