// Jest Snapshot v1, https://goo.gl/fbAQLP

exports[`Render CatalogGenresItem Should match with snapshot 1`] = `
<li
  className="catalog__genres-item"
>
  <a
    className="catalog__genres-link"
    href="#"
    onClick={[Function]}
  >
    Kids & Family
  </a>
</li>
`;
