// Jest Snapshot v1, https://goo.gl/fbAQLP

exports[`Render withVideoPlayer Should match with snapshot 1`] = `
<withVideoPlayer
  Component={[Function]}
/>
`;
