// Jest Snapshot v1, https://goo.gl/fbAQLP

exports[`Render VideoPlayer Should match with snapshot 1`] = `
<div
  className=""
>
  <video
    autoPlay={false}
    className="player__video"
    poster="img/snatch.jpg"
    style={
      Object {
        "height": 175,
      }
    }
  />
</div>
`;
