// Jest Snapshot v1, https://goo.gl/fbAQLP

exports[`Render PlayerPage PlayerPage should match with snapshot 1`] = `null`;
