// Jest Snapshot v1, https://goo.gl/fbAQLP

exports[`Render SmallMovieCard Should match with snapshot 1`] = `
<article
  className="small-movie-card catalog__movies-card"
  onClick={[Function]}
  onMouseEnter={[Function]}
>
  <div
    className="small-movie-card__image"
  >
    <div
      className=""
    >
      <video
        autoPlay={false}
        className="player__video"
        poster="img/aviator.jpg"
        style={
          Object {
            "height": 175,
          }
        }
      />
    </div>
    <img
      alt="Aviator"
      height="175"
      src="img/aviator.jpg"
      width="280"
    />
  </div>
  <h3
    className="small-movie-card__title"
  >
    <a
      className="small-movie-card__link"
      href="movie-page.html"
    >
      Aviator
    </a>
  </h3>
</article>
`;
